###############################################################################
#
# IAR ELF Linker V8.30.1.114/W32 for ARM                  12/Mar/2020  18:54:22
# Copyright 2007-2018 IAR Systems AB.
#
#    Output file  =  
#        E:\Documents\S11_G02_Lab1\Projects\Lab1\Debug\Exe\S11_G02_Lab1.out
#    Map file     =  
#        E:\Documents\S11_G02_Lab1\Projects\Lab1\Debug\List\S11_G02_Lab1.map
#    Command line =  
#        -f C:\Users\DAELN\AppData\Local\Temp\EWC14C.tmp
#        (E:\Documents\S11_G02_Lab1\TivaWare_C_Series-2.1.4.178\driverlib\ewarm\Exe\driverlib.a
#        E:\Documents\S11_G02_Lab1\Projects\Lab1\Debug\Obj\main.o
#        E:\Documents\S11_G02_Lab1\Projects\Lab1\Debug\Obj\startup_TM4C1294.o
#        E:\Documents\S11_G02_Lab1\Projects\Lab1\Debug\Obj\system_TM4C1294_TW.o
#        --no_out_extension -o
#        E:\Documents\S11_G02_Lab1\Projects\Lab1\Debug\Exe\S11_G02_Lab1.out
#        --map
#        E:\Documents\S11_G02_Lab1\Projects\Lab1\Debug\List\S11_G02_Lab1.map
#        --config "C:\Program Files (x86)\IAR Systems\Embedded Workbench
#        8.1\arm\config\linker\TexasInstruments\TM4C1294NC.icf" --semihosting
#        --entry __iar_program_start --vfe --text_out locale)
#
###############################################################################

*******************************************************************************
*** RUNTIME MODEL ATTRIBUTES
***

CppFlavor       = *
__SystemLibrary = DLib
__dlib_version  = 6


*******************************************************************************
*** HEAP SELECTION
***

The basic heap was selected because some modules are built with
size limitations (and not runtime checking), and --advanced_heap
was not specified.


*******************************************************************************
*** PLACEMENT SUMMARY
***

"A0":  place at 0x0 { ro section .intvec };
"P1":  place in [from 0x0 to 0xf'ffff] { ro };
define block CSTACK with size = 32K, alignment = 8 { };
define block HEAP with size = 64K, alignment = 8 { };
"P2":  place in [from 0x2000'0000 to 0x2003'ffff] {
          rw, block CSTACK, block HEAP };
initialize by copy { rw };

  Section            Kind         Address    Size  Object
  -------            ----         -------    ----  ------
"A0":                                       0x3c0
  .intvec            ro code          0x0   0x3c0  startup_TM4C1294.o [1]
                                  - 0x3c0   0x3c0

"P1":                                       0x88c
  .text              ro code        0x3c0   0x4ec  sysctl.o [3]
  .text              ro code        0x8ac   0x16e  gpio.o [3]
  .text              ro code        0xa1a     0x2  startup_TM4C1294.o [1]
  .text              ro code        0xa1c   0x108  main.o [1]
  .text              ro code        0xb24    0x28  systick.o [3]
  .text              ro code        0xb4c    0x2c  system_TM4C1294_TW.o [1]
  .text              ro code        0xb78    0x2c  copy_init3.o [4]
  .text              ro code        0xba4    0x28  data_init.o [4]
  .iar.init_table    const          0xbcc    0x14  - Linker created -
  .text              ro code        0xbe0    0x1e  cmain.o [4]
  .text              ro code        0xbfe     0x4  low_level_init.o [2]
  .text              ro code        0xc02     0x4  exit.o [2]
  .text              ro code        0xc08     0xa  cexit.o [4]
  .text              ro code        0xc14    0x14  exit.o [5]
  .text              ro code        0xc28    0x14  startup_TM4C1294.o [1]
  .text              ro code        0xc3c     0xc  cstartup_M.o [4]
  Initializer bytes  const          0xc48     0x4  <for P2-1>
  .rodata            const          0xc4c     0x0  copy_init3.o [4]
                                  - 0xc4c   0x88c

"P2", part 1 of 2:                            0x4
  P2-1                        0x2000'0000     0x2  <Init block>
    .data            inited   0x2000'0000     0x1  main.o [1]
    .bss             inited   0x2000'0001     0x1  main.o [1]
                            - 0x2000'0002     0x2

"P2", part 2 of 2:                         0x8004
  .noinit            uninit   0x2000'0004     0x4  system_TM4C1294_TW.o [1]
  CSTACK                      0x2000'0008  0x8000  <Block>
    CSTACK           uninit   0x2000'0008  0x8000  <Block tail>
                            - 0x2000'8008  0x8004

Unused ranges:

         From           To      Size
         ----           --      ----
        0xc4c     0xf'ffff  0xf'f3b4
  0x2000'8008  0x2003'ffff  0x3'7ff8


*******************************************************************************
*** INIT TABLE
***

          Address      Size
          -------      ----
Copy (__iar_copy_init3)
    1 source range, total size 0x4 (200% of destination):
                0xc48   0x4
    1 destination range, total size 0x2:
          0x2000'0000   0x2



*******************************************************************************
*** MODULE SUMMARY
***

    Module                ro code  ro data  rw data
    ------                -------  -------  -------
command line/config:
    -----------------------------------------------
    Total:

E:\Documents\S11_G02_Lab1\Projects\Lab1\Debug\Obj: [1]
    main.o                    264        2        2
    startup_TM4C1294.o        982
    system_TM4C1294_TW.o       44                 4
    -----------------------------------------------
    Total:                  1 290        2        6

dl7M_tln.a: [2]
    exit.o                      4
    low_level_init.o            4
    -----------------------------------------------
    Total:                      8

driverlib.a: [3]
    gpio.o                    366
    sysctl.o                1 260
    systick.o                  40
    -----------------------------------------------
    Total:                  1 666

rt7M_tl.a: [4]
    cexit.o                    10
    cmain.o                    30
    copy_init3.o               44
    cstartup_M.o               12
    data_init.o                40
    -----------------------------------------------
    Total:                    136

shb_l.a: [5]
    exit.o                     20
    -----------------------------------------------
    Total:                     20

    Gaps                        4
    Linker created                      22   32 768
---------------------------------------------------
    Grand Total:            3 124       24   32 774


*******************************************************************************
*** ENTRY LIST
***

Entry                       Address   Size  Type      Object
-----                       -------   ----  ----      ------
.iar.init_table$$Base         0xbcc          --   Gb  - Linker created -
.iar.init_table$$Limit        0xbe0          --   Gb  - Linker created -
?main                         0xbe1         Code  Gb  cmain.o [4]
CSTACK$$Base            0x2000'0008          --   Gb  - Linker created -
CSTACK$$Limit           0x2000'8008          --   Gb  - Linker created -
FREQUENCIA              0x2000'0000    0x1  Data  Gb  main.o [1]
GPIODirModeSet                0x8ad   0x28  Code  Gb  gpio.o [3]
GPIOPadConfigSet              0x8d5  0x102  Code  Gb  gpio.o [3]
GPIOPinTypeGPIOInput          0x9e3   0x14  Code  Gb  gpio.o [3]
GPIOPinTypeGPIOOutput         0x9f7    0xa  Code  Gb  gpio.o [3]
GPIOPinWrite                  0x9d7    0x8  Code  Gb  gpio.o [3]
LED_D1                  0x2000'0001    0x1  Data  Gb  main.o [1]
Region$$Table$$Base           0xbcc          --   Gb  - Linker created -
Region$$Table$$Limit          0xbe0          --   Gb  - Linker created -
SysCtlClockFreqSet            0x421  0x20a  Code  Gb  sysctl.o [3]
SysCtlPeripheralEnable        0x403    0x8  Code  Gb  sysctl.o [3]
SysCtlPeripheralReady         0x3e1    0x8  Code  Gb  sysctl.o [3]
SysTickEnable                 0xb25    0xc  Code  Gb  systick.o [3]
SysTickIntEnable              0xb31    0xc  Code  Gb  systick.o [3]
SysTickPeriodSet              0xb3d    0x8  Code  Gb  systick.o [3]
SysTick_Handler               0xa1d    0x2  Code  Gb  main.o [1]
SystemCoreClock         0x2000'0004    0x4  Data  Gb  system_TM4C1294_TW.o [1]
SystemInit                    0xb4d   0x1a  Code  Gb  system_TM4C1294_TW.o [1]
_SysCtlMemTimingGet           0x3c1   0x20  Code  Lc  sysctl.o [3]
__Vectors                       0x0          --   Gb  startup_TM4C1294.o [1]
__Vectors_End                 0x3c0         Data  Gb  startup_TM4C1294.o [1]
__Vectors_Size {Abs}          0x3c0          --   Gb  startup_TM4C1294.o [1]
__cmain                       0xbe1         Code  Gb  cmain.o [4]
__exit                        0xc15   0x14  Code  Gb  exit.o [5]
__iar_copy_init3              0xb79   0x2c  Code  Gb  copy_init3.o [4]
__iar_data_init3              0xba5   0x28  Code  Gb  data_init.o [4]
__iar_init_vfp                0xc31         Code  Wk  startup_TM4C1294.o [1]
__iar_program_start           0xc3d         Code  Gb  cstartup_M.o [4]
__low_level_init              0xbff    0x4  Code  Gb  low_level_init.o [2]
__vector_table                  0x0         Data  Gb  startup_TM4C1294.o [1]
__vector_table_0x1c            0x1c         Data  Gb  startup_TM4C1294.o [1]
_call_main                    0xbed         Code  Gb  cmain.o [4]
_exit                         0xc09         Code  Gb  cexit.o [4]
_main                         0xbfb         Code  Gb  cmain.o [4]
exit                          0xc03    0x4  Code  Gb  exit.o [2]
g_pppui32XTALtoVCO            0x6c4  0x1b0  Data  Lc  sysctl.o [3]
g_pui32VCOFrequencies         0x8a4    0x8  Data  Lc  sysctl.o [3]
g_pui32Xtals                  0x658   0x6c  Data  Lc  sysctl.o [3]
g_sXTALtoMEMTIM               0x874   0x30  Data  Lc  sysctl.o [3]
main                          0xa1f   0xdc  Code  Gb  main.o [1]


[1] = E:\Documents\S11_G02_Lab1\Projects\Lab1\Debug\Obj
[2] = dl7M_tln.a
[3] = driverlib.a
[4] = rt7M_tl.a
[5] = shb_l.a

   3 124 bytes of readonly  code memory
      24 bytes of readonly  data memory
  32 774 bytes of readwrite data memory

Errors: none
Warnings: none
